Error: No route matches URL "/favicon.ico"
    at getInternalRouterError (file:///D:/Users/ToddS/Source/Repos/chase-sets/node_modules/react-router/dist/development/chunk-QFMPRPBF.mjs:5266:5)
    at Object.query (file:///D:/Users/ToddS/Source/Repos/chase-sets/node_modules/react-router/dist/development/chunk-QFMPRPBF.mjs:3298:19)
    at handleDocumentRequest (file:///D:/Users/ToddS/Source/Repos/chase-sets/node_modules/react-router/dist/development/chunk-2UH5WJXA.mjs:1459:38)
    at requestHandler (file:///D:/Users/ToddS/Source/Repos/chase-sets/node_modules/react-router/dist/development/chunk-2UH5WJXA.mjs:1318:24)
    at requestHandler (file:///D:/Users/ToddS/Source/Repos/chase-sets/node_modules/react-router/dist/development/chunk-2UH5WJXA.mjs:1377:12)
    at file:///D:/Users/ToddS/Source/Repos/chase-sets/node_modules/@react-router/express/dist/index.mjs:28:28
No routes matched location "/favicon.ico" 
ErrorResponseImpl {
  status: 404,
  statusText: 'Not Found',
  internal: true,
  data: 'Error: No route matches URL "/favicon.ico"',
  error: Error: No route matches URL "/favicon.ico"
      at getInternalRouterError (file:///D:/Users/ToddS/Source/Repos/chase-sets/node_modules/react-router/dist/development/chunk-QFMPRPBF.mjs:5266:5)
      at Object.query (file:///D:/Users/ToddS/Source/Repos/chase-sets/node_modules/react-router/dist/development/chunk-QFMPRPBF.mjs:3298:19)
      at handleDocumentRequest (file:///D:/Users/ToddS/Source/Repos/chase-sets/node_modules/react-router/dist/development/chunk-2UH5WJXA.mjs:1459:38)
      at requestHandler (file:///D:/Users/ToddS/Source/Repos/chase-sets/node_modules/react-router/dist/development/chunk-2UH5WJXA.mjs:1318:24)
      at requestHandler (file:///D:/Users/ToddS/Source/Repos/chase-sets/node_modules/react-router/dist/development/chunk-2UH5WJXA.mjs:1377:12)
      at file:///D:/Users/ToddS/Source/Repos/chase-sets/node_modules/@react-router/express/dist/index.mjs:28:28
}
