Error: No route matches URL "/favicon.ico"
    at getInternalRouterError (file:///D:/Users/ToddS/Source/Repos/chase-sets/node_modules/react-router/dist/development/chunk-QFMPRPBF.mjs:5266:5)
    at Object.query (file:///D:/Users/ToddS/Source/Repos/chase-sets/node_modules/react-router/dist/development/chunk-QFMPRPBF.mjs:3298:19)
    at handleDocumentRequest (file:///D:/Users/ToddS/Source/Repos/chase-sets/node_modules/react-router/dist/development/chunk-2UH5WJXA.mjs:1459:38)
    at requestHandler (file:///D:/Users/ToddS/Source/Repos/chase-sets/node_modules/react-router/dist/development/chunk-2UH5WJXA.mjs:1318:24)
    at requestHandler (file:///D:/Users/ToddS/Source/Repos/chase-sets/node_modules/react-router/dist/development/chunk-2UH5WJXA.mjs:1377:12)
    at file:///D:/Users/ToddS/Source/Repos/chase-sets/node_modules/@react-router/express/dist/index.mjs:28:28
No routes matched location "/favicon.ico" 
ErrorResponseImpl {
  status: 404,
  statusText: 'Not Found',
  internal: true,
  data: 'Error: No route matches URL "/favicon.ico"',
  error: Error: No route matches URL "/favicon.ico"
      at getInternalRouterError (file:///D:/Users/ToddS/Source/Repos/chase-sets/node_modules/react-router/dist/development/chunk-QFMPRPBF.mjs:5266:5)
      at Object.query (file:///D:/Users/ToddS/Source/Repos/chase-sets/node_modules/react-router/dist/development/chunk-QFMPRPBF.mjs:3298:19)
      at handleDocumentRequest (file:///D:/Users/ToddS/Source/Repos/chase-sets/node_modules/react-router/dist/development/chunk-2UH5WJXA.mjs:1459:38)
      at requestHandler (file:///D:/Users/ToddS/Source/Repos/chase-sets/node_modules/react-router/dist/development/chunk-2UH5WJXA.mjs:1318:24)
      at requestHandler (file:///D:/Users/ToddS/Source/Repos/chase-sets/node_modules/react-router/dist/development/chunk-2UH5WJXA.mjs:1377:12)
      at file:///D:/Users/ToddS/Source/Repos/chase-sets/node_modules/@react-router/express/dist/index.mjs:28:28
}
Error: No route matches URL "/favicon.ico"
    at getInternalRouterError (file:///D:/Users/ToddS/Source/Repos/chase-sets/node_modules/react-router/dist/development/chunk-QFMPRPBF.mjs:5266:5)
    at Object.query (file:///D:/Users/ToddS/Source/Repos/chase-sets/node_modules/react-router/dist/development/chunk-QFMPRPBF.mjs:3298:19)
    at handleDocumentRequest (file:///D:/Users/ToddS/Source/Repos/chase-sets/node_modules/react-router/dist/development/chunk-2UH5WJXA.mjs:1459:38)
    at requestHandler (file:///D:/Users/ToddS/Source/Repos/chase-sets/node_modules/react-router/dist/development/chunk-2UH5WJXA.mjs:1318:24)
    at requestHandler (file:///D:/Users/ToddS/Source/Repos/chase-sets/node_modules/react-router/dist/development/chunk-2UH5WJXA.mjs:1377:12)
    at file:///D:/Users/ToddS/Source/Repos/chase-sets/node_modules/@react-router/express/dist/index.mjs:28:28
No routes matched location "/favicon.ico" 
ErrorResponseImpl {
  status: 404,
  statusText: 'Not Found',
  internal: true,
  data: 'Error: No route matches URL "/favicon.ico"',
  error: Error: No route matches URL "/favicon.ico"
      at getInternalRouterError (file:///D:/Users/ToddS/Source/Repos/chase-sets/node_modules/react-router/dist/development/chunk-QFMPRPBF.mjs:5266:5)
      at Object.query (file:///D:/Users/ToddS/Source/Repos/chase-sets/node_modules/react-router/dist/development/chunk-QFMPRPBF.mjs:3298:19)
      at handleDocumentRequest (file:///D:/Users/ToddS/Source/Repos/chase-sets/node_modules/react-router/dist/development/chunk-2UH5WJXA.mjs:1459:38)
      at requestHandler (file:///D:/Users/ToddS/Source/Repos/chase-sets/node_modules/react-router/dist/development/chunk-2UH5WJXA.mjs:1318:24)
      at requestHandler (file:///D:/Users/ToddS/Source/Repos/chase-sets/node_modules/react-router/dist/development/chunk-2UH5WJXA.mjs:1377:12)
      at file:///D:/Users/ToddS/Source/Repos/chase-sets/node_modules/@react-router/express/dist/index.mjs:28:28
}
Error: No route matches URL "/favicon.ico"
    at getInternalRouterError (file:///D:/Users/ToddS/Source/Repos/chase-sets/node_modules/react-router/dist/development/chunk-QFMPRPBF.mjs:5266:5)
    at Object.query (file:///D:/Users/ToddS/Source/Repos/chase-sets/node_modules/react-router/dist/development/chunk-QFMPRPBF.mjs:3298:19)
    at handleDocumentRequest (file:///D:/Users/ToddS/Source/Repos/chase-sets/node_modules/react-router/dist/development/chunk-2UH5WJXA.mjs:1459:38)
    at requestHandler (file:///D:/Users/ToddS/Source/Repos/chase-sets/node_modules/react-router/dist/development/chunk-2UH5WJXA.mjs:1318:24)
    at requestHandler (file:///D:/Users/ToddS/Source/Repos/chase-sets/node_modules/react-router/dist/development/chunk-2UH5WJXA.mjs:1377:12)
    at file:///D:/Users/ToddS/Source/Repos/chase-sets/node_modules/@react-router/express/dist/index.mjs:28:28
No routes matched location "/favicon.ico" 
ErrorResponseImpl {
  status: 404,
  statusText: 'Not Found',
  internal: true,
  data: 'Error: No route matches URL "/favicon.ico"',
  error: Error: No route matches URL "/favicon.ico"
      at getInternalRouterError (file:///D:/Users/ToddS/Source/Repos/chase-sets/node_modules/react-router/dist/development/chunk-QFMPRPBF.mjs:5266:5)
      at Object.query (file:///D:/Users/ToddS/Source/Repos/chase-sets/node_modules/react-router/dist/development/chunk-QFMPRPBF.mjs:3298:19)
      at handleDocumentRequest (file:///D:/Users/ToddS/Source/Repos/chase-sets/node_modules/react-router/dist/development/chunk-2UH5WJXA.mjs:1459:38)
      at requestHandler (file:///D:/Users/ToddS/Source/Repos/chase-sets/node_modules/react-router/dist/development/chunk-2UH5WJXA.mjs:1318:24)
      at requestHandler (file:///D:/Users/ToddS/Source/Repos/chase-sets/node_modules/react-router/dist/development/chunk-2UH5WJXA.mjs:1377:12)
      at file:///D:/Users/ToddS/Source/Repos/chase-sets/node_modules/@react-router/express/dist/index.mjs:28:28
}
npm error Lifecycle script `start` failed with error:
npm error code 4294967295
npm error path D:\Users\ToddS\Source\Repos\chase-sets\deployables\design-system-showcase
npm error workspace @chase-sets/app-design-system-showcase@0.1.0
npm error location D:\Users\ToddS\Source\Repos\chase-sets\deployables\design-system-showcase
npm error command failed
npm error command C:\WINDOWS\system32\cmd.exe /d /s /c react-router-serve ./build/server/index.js
